
> temp-init@0.1.0 build
> next build

Ôû▓ Next.js 16.2.2 (Turbopack)
- Environments: .env.local

  Creating an optimized production build ...
Ô£ô Compiled successfully in 2.8s
  Running TypeScript ...
  Finished TypeScript in 84ms ...
  Collecting page data using 15 workers ...
  Generating static pages using 15 workers (0/39) ...
  Generating static pages using 15 workers (9/39) 
  Generating static pages using 15 workers (19/39) 
  Generating static pages using 15 workers (29/39) 
Ô£ô Generating static pages using 15 workers (39/39) in 439ms
  Finalizing page optimization ...

Route (app)                                     Revalidate  Expire
Ôöî Ôùï /                                                   1h      1y
Ôö£ Ôùï /_not-found                                         1h      1y
Ôö£ ãÆ /[category]
Ôö£ ãÆ /account/subscription
Ôö£ Ôùï /admin                                              1h      1y
Ôö£ Ôùï /admin/categories                                   1h      1y
Ôö£ Ôùï /admin/dashboard                                    1h      1y
Ôö£ Ôùï /admin/login                                        1h      1y
Ôö£ Ôùï /admin/resources                                    1h      1y
Ôö£ ãÆ /admin/resources/[id]
Ôö£ Ôùï /admin/resources/new                                1h      1y
Ôö£ Ôùï /admin/settings                                     1h      1y
Ôö£ ãÆ /admin/settings/paypal
Ôö£ ãÆ /admin/subscriptions
Ôö£ Ôùï /admin/tags                                         1h      1y
Ôö£ ãÆ /admin/users
Ôö£ ãÆ /api/admin/categories
Ôö£ ãÆ /api/admin/metadata
Ôö£ ãÆ /api/admin/resources
Ôö£ ãÆ /api/admin/subscriptions
Ôö£ ãÆ /api/admin/tags
Ôö£ ãÆ /api/admin/users
Ôö£ ãÆ /api/admin/users/[id]
Ôö£ ãÆ /api/admin/users/export
Ôö£ ãÆ /api/admin/users/role
Ôö£ ãÆ /api/download
Ôö£ ãÆ /api/folders
Ôö£ ãÆ /api/paypal/cancel
Ôö£ ãÆ /api/paypal/subscription/toggle-auto-renew
Ôö£ ãÆ /api/paypal/verify
Ôö£ ãÆ /api/profile
Ôö£ ãÆ /api/resources
Ôö£ ãÆ /api/search
Ôö£ ãÆ /api/search/suggestions
Ôö£ ãÆ /api/webhooks/paypal
Ôö£ ãÆ /auth/callback
Ôö£ Ôùï /auth/reset-password                                1h      1y
Ôö£ Ôùï /pricing                                            1h      1y
Ôö£ Ôùï /privacy                                            1h      1y
Ôö£ Ôùï /search                                             1h      1y
Ôöö Ôùï /terms                                              1h      1y


ãÆ Proxy (Middleware)

Ôùï  (Static)   prerendered as static content
ãÆ  (Dynamic)  server-rendered on demand

